NSIKAY REAL MIGRATION v2.0
EXECUTION : NSIKAY_FOREIGN_KEYS_v2.sql
OK : NSIKAY_FOREIGN_KEYS_v2.sql
EXECUTION : NSIKAY_INDEXES_v2.sql
OK : NSIKAY_INDEXES_v2.sql
EXECUTION : NSIKAY_MIGRATION_20260929_053329.sql
OK : NSIKAY_MIGRATION_20260929_053329.sql
EXECUTION : NSIKAY_MIGRATION_20260929_053447.sql
OK : NSIKAY_MIGRATION_20260929_053447.sql
EXECUTION : NSIKAY_MIGRATION_20260929_053554.sql
OK : NSIKAY_MIGRATION_20260929_053554.sql
EXECUTION : NSIKAY_MIGRATION_20260929_053716.sql
OK : NSIKAY_MIGRATION_20260929_053716.sql
EXECUTION : NSIKAY_MIGRATION_20260929_053817.sql
OK : NSIKAY_MIGRATION_20260929_053817.sql
EXECUTION : NSIKAY_MIGRATION_20260929_054028.sql
OK : NSIKAY_MIGRATION_20260929_054028.sql
EXECUTION : NSIKAY_SECURITY_AUDIT_v2.sql
OK : NSIKAY_SECURITY_AUDIT_v2.sql
EXECUTION : NSIKAY_TABLES_20260929_054337.sql
OK : NSIKAY_TABLES_20260929_054337.sql
MIGRATION COMPLETE
